// Jest Snapshot v1, https://goo.gl/fbAQLP

exports[`foo bar 1`] = `serialized`;
